\BOOKMARK [1][-]{section.1}{\376\377\060\123\060\156\173\304\126\362\060\156\166\356\166\204}{}% 1
\BOOKMARK [1][-]{section.2}{\376\377\137\305\211\201\060\152\122\115\143\320\167\345\213\130\060\150\173\054\0001\060\373\0002\172\340\060\150\060\156\143\245\175\232}{}% 2
\BOOKMARK [1][-]{section.3}{\376\377\221\315\211\201\151\202\137\365\0001\377\032\175\332\137\142\121\231\120\317}{}% 3
\BOOKMARK [2][-]{subsection.3.1}{\376\377\133\232\177\251}{section.3}% 4
\BOOKMARK [2][-]{subsection.3.2}{\376\377\166\364\211\263}{section.3}% 5
\BOOKMARK [1][-]{section.4}{\376\377\221\315\211\201\151\202\137\365\0002\377\032\175\332\137\142\121\231\120\317\060\156\116\343\210\150\117\213}{}% 6
\BOOKMARK [2][-]{subsection.4.1}{\376\377\140\122\173\111\121\231\120\317}{section.4}% 7
\BOOKMARK [2][-]{subsection.4.2}{\376\377\137\256\122\006\117\134\165\050\175\040}{section.4}% 8
\BOOKMARK [2][-]{subsection.4.3}{\376\377\126\336\216\342}{section.4}% 9
\BOOKMARK [2][-]{subsection.4.4}{\376\377\175\332\137\142\154\116\225\242\145\160}{section.4}% 10
\BOOKMARK [2][-]{subsection.4.5}{\376\377\172\115\122\006\117\134\165\050\175\040}{section.4}% 11
\BOOKMARK [2][-]{subsection.4.6}{\376\377\147\011\226\120\153\041\121\103\060\156\136\247\152\031\210\150\171\072}{section.4}% 12
\BOOKMARK [1][-]{section.5}{\376\377\221\315\211\201\151\202\137\365\0003\377\032\120\317\000\040\000R\000T\000\040\060\150\226\366\172\172\225\223\000\040\000N\000T}{}% 13
\BOOKMARK [2][-]{subsection.5.1}{\376\377\120\317}{section.5}% 14
\BOOKMARK [2][-]{subsection.5.2}{\376\377\226\366\172\172\225\223}{section.5}% 15
\BOOKMARK [2][-]{subsection.5.3}{\376\377\060\152\060\134\116\041\145\271\060\150\060\202\220\350\122\006\172\172\225\223\060\113}{section.5}% 16
\BOOKMARK [1][-]{section.6}{\376\377\221\315\211\201\151\202\137\365\0004\377\032\153\041\121\103\133\232\164\006\377\010\000r\000a\000n\000k\040\023\000n\000u\000l\000l\000i\000t\000y\000\040\000t\000h\000e\000o\000r\000e\000m\377\011}{}% 17
\BOOKMARK [2][-]{subsection.6.1}{\376\377\060\152\060\134\142\020\060\212\172\313\060\144\060\113\377\032\125\106\172\172\225\223\060\153\060\210\060\213\164\006\211\343}{section.6}% 18
\BOOKMARK [1][-]{section.7}{\376\377\153\041\121\103\133\232\164\006\060\156\221\315\211\201\060\152\136\060\175\120}{}% 19
\BOOKMARK [2][-]{subsection.7.1}{\376\377\147\052\167\345\145\160\060\156\145\271\060\114\131\032\060\104\124\014\153\041\220\043\172\313\145\271\172\013\137\017}{section.7}% 20
\BOOKMARK [2][-]{subsection.7.2}{\376\377\124\014\153\041\121\103\060\152\060\211\123\130\134\004\060\373\121\150\134\004\060\373\123\357\220\006\060\114\124\014\120\044}{section.7}% 21
\BOOKMARK [2][-]{subsection.7.3}{\376\377\227\136\124\014\153\041\145\271\172\013\137\017\060\156\116\000\141\017\123\357\211\343\140\047}{section.7}% 22
\BOOKMARK [1][-]{section.8}{\376\377\137\334\165\050\0001\377\032\131\032\230\005\137\017\210\334\225\223}{}% 23
\BOOKMARK [2][-]{subsection.8.1}{\376\377\173\054\0002\172\340\060\150\060\156\143\245\175\232}{section.8}% 24
\BOOKMARK [1][-]{section.9}{\376\377\137\334\165\050\0002\377\032\123\072\225\223\136\163\127\107\120\044\060\150\147\011\226\120\117\123\172\115\154\325\060\170\060\156\143\245\175\232}{}% 25
\BOOKMARK [1][-]{section.10}{\376\377\137\334\165\050\0003\377\032\000L\000a\000p\000l\000a\000c\000e\145\271\172\013\137\017\060\156\147\011\226\120\135\356\122\006}{}% 26
\BOOKMARK [2][-]{subsection.10.1}{\376\377\145\160\137\017\060\156\141\017\124\163}{section.10}% 27
\BOOKMARK [2][-]{subsection.10.2}{\376\377\226\342\145\143\147\000\131\047\120\044\123\237\164\006\060\156\200\003\060\110\145\271}{section.10}% 28
\BOOKMARK [2][-]{subsection.10.3}{\376\377\000C\000F\000D\060\150\060\156\143\245\175\232}{section.10}% 29
\BOOKMARK [1][-]{section.11}{\376\377\221\315\211\201\151\202\137\365\0005\377\032\175\332\137\142\121\231\120\317\121\150\117\123\060\156\175\332\137\142\172\172\225\223\000\040\000L\000\050\000X\000,\000U\000\051}{}% 30
\BOOKMARK [1][-]{section.12}{\376\377\221\315\211\201\151\202\137\365\0006\377\032\121\231\120\317\060\156\124\010\142\020\060\150\227\136\123\357\143\333\140\047}{}% 31
\BOOKMARK [2][-]{subsection.12.1}{\376\377\116\000\202\054\060\153\060\157\123\357\143\333\060\147\060\152\060\104}{section.12}% 32
\BOOKMARK [2][-]{subsection.12.2}{\376\377\000C\000F\000D\060\373\145\160\120\044\211\343\147\220\060\150\060\156\143\245\175\232}{section.12}% 33
\BOOKMARK [1][-]{section.13}{\376\377\221\315\211\201\151\202\137\365\0007\377\032\220\006\121\231\120\317}{}% 34
\BOOKMARK [1][-]{section.14}{\376\377\221\315\211\201\151\202\137\365\0008\377\032\216\342\177\156\121\231\120\317}{}% 35
\BOOKMARK [2][-]{subsection.14.1}{\376\377\166\364\211\263}{section.14}% 36
\BOOKMARK [2][-]{subsection.14.2}{\376\377\210\114\122\027\216\342\177\156\060\150\060\156\225\242\117\302}{section.14}% 37
\BOOKMARK [2][-]{subsection.14.3}{\376\377\216\342\177\156\060\150\226\217\117\064\060\156\220\125\060\104}{section.14}% 38
\BOOKMARK [1][-]{section.15}{\376\377\216\342\177\156\060\153\225\242\060\131\060\213\127\372\147\054\121\154\137\017}{}% 39
\BOOKMARK [1][-]{section.16}{\376\377\221\315\211\201\151\202\137\365\0009\377\032\120\044\127\337\060\150\216\342\177\156\060\156\226\366\172\172\225\223}{}% 40
\BOOKMARK [2][-]{subsection.16.1}{\376\377\060\152\060\134\142\020\060\212\172\313\060\144\060\113}{section.16}% 41
\BOOKMARK [2][-]{subsection.16.2}{\376\377\145\271\172\013\137\017\060\156\123\357\211\343\147\141\116\366\060\150\060\127\060\146\212\255\060\200}{section.16}% 42
\BOOKMARK [2][-]{subsection.16.3}{\376\377\000P\000o\000i\000s\000s\000o\000n\145\271\172\013\137\017\060\150\060\156\143\245\175\232}{section.16}% 43
\BOOKMARK [1][-]{section.17}{\376\377\221\315\211\201\151\202\137\365\0001\0000\377\032\000r\000a\000n\000k\000\040\060\157\216\342\177\156\060\147\131\011\060\217\060\211\060\152\060\104}{}% 44
\BOOKMARK [2][-]{subsection.17.1}{\376\377\200\003\060\110\145\271}{section.17}% 45
\BOOKMARK [1][-]{section.18}{\376\377\221\315\211\201\151\202\137\365\0001\0001\377\032\201\352\135\361\121\231\120\317\060\156\116\343\145\160\000\040\000L\000\050\000X\000,\000X\000\051}{}% 46
\BOOKMARK [2][-]{subsection.18.1}{\376\377\226\366\126\340\133\120\060\373\000n\000i\000l\000p\000o\000t\000e\000n\000t\000\040\060\156\117\213}{section.18}% 47
\BOOKMARK [1][-]{section.19}{\376\377\221\315\211\201\151\202\137\365\0001\0002\377\032\116\000\202\054\175\332\137\142\177\244\060\150\166\370\117\074\131\011\143\333}{}% 48
\BOOKMARK [2][-]{subsection.19.1}{\376\377\166\370\117\074\131\011\143\333}{section.19}% 49
\BOOKMARK [2][-]{subsection.19.2}{\376\377\166\364\211\263}{section.19}% 50
\BOOKMARK [2][-]{subsection.19.3}{\376\377\166\370\117\074\060\114\124\014\120\044\225\242\117\302\060\147\060\102\060\213\060\123\060\150}{section.19}% 51
\BOOKMARK [1][-]{section.20}{\376\377\221\315\211\201\151\202\137\365\0001\0003\377\032\117\134\165\050\175\040\060\156\131\032\230\005\137\017\000\040\000p\000\050\000A\000\051}{}% 52
\BOOKMARK [1][-]{section.21}{\376\377\221\315\211\201\151\202\137\365\0001\0004\377\032\134\004\137\161\000\040\000P\0002\000=\000P}{}% 53
\BOOKMARK [2][-]{subsection.21.1}{\376\377\166\364\211\263}{section.21}% 54
\BOOKMARK [2][-]{subsection.21.2}{\376\377\173\054\0001\172\340\060\156\166\364\124\214\060\150\060\156\143\245\175\232}{section.21}% 55
\BOOKMARK [2][-]{subsection.21.3}{\376\377\000C\000F\000D\377\032\000p\000r\000o\000j\000e\000c\000t\000i\000o\000n\000\040\000m\000e\000t\000h\000o\000d}{section.21}% 56
\BOOKMARK [2][-]{subsection.21.4}{\376\377\116\161\155\101\060\373\000P\000O\000D\060\150\060\156\143\245\175\232}{section.21}% 57
\BOOKMARK [1][-]{section.22}{\376\377\116\244\143\333\133\120\060\150\123\357\143\333\140\047}{}% 58
\BOOKMARK [1][-]{section.23}{\376\377\147\054\172\340\060\156\151\202\137\365\060\222\000\040\000C\000F\000D\060\373\145\160\120\044\211\343\147\220\060\373\116\161\155\101\060\373\000M\000L\000\040\060\170\133\376\137\334\060\125\060\133\060\213}{}% 59
\BOOKMARK [1][-]{section.24}{\376\377\145\160\120\044\212\010\173\227\060\156\211\263\160\271\060\113\060\211\211\213\060\137\173\054\0003\172\340}{}% 60
\BOOKMARK [1][-]{section.25}{\376\377\164\006\211\343\060\131\060\213\117\241\120\044\060\114\117\116\060\104\175\060\220\350}{}% 61
\BOOKMARK [1][-]{section.26}{\376\377\060\210\060\117\060\102\060\213\212\244\211\343}{}% 62
\BOOKMARK [1][-]{section.27}{\376\377\116\312\145\345\137\305\060\132\164\006\211\343\060\131\060\171\060\115\116\213\230\005}{}% 63
\BOOKMARK [1][-]{section.28}{\376\377\164\006\211\343\170\272\212\215\125\117\230\114}{}% 64
\BOOKMARK [1][-]{section.29}{\376\377\142\113\212\010\173\227\060\131\060\171\060\115\125\117\230\114}{}% 65
\BOOKMARK [1][-]{section.30}{\376\377\146\016\145\345\210\114\060\106\145\160\120\044\133\237\232\023\060\373\000P\000y\000t\000h\000o\000n\133\237\210\305\212\262\230\114}{}% 66
\BOOKMARK [2][-]{subsection.30.1}{\376\377\145\160\133\146\166\204\125\117\230\114}{section.30}% 67
\BOOKMARK [2][-]{subsection.30.2}{\376\377\060\242\060\353\060\264\060\352\060\272\060\340}{section.30}% 68
\BOOKMARK [2][-]{subsection.30.3}{\376\377\133\237\210\305\232\250\150\074}{section.30}% 69
\BOOKMARK [2][-]{subsection.30.4}{\376\377\201\352\122\006\060\147\133\237\210\305\060\131\060\213\220\350\122\006}{section.30}% 70
\BOOKMARK [2][-]{subsection.30.5}{\376\377\151\034\212\074\0001\377\032\000r\000a\000n\000k}{section.30}% 71
\BOOKMARK [2][-]{subsection.30.6}{\376\377\151\034\212\074\0002\377\032\147\000\134\017\162\171\165\160\120\044\060\150\226\366\172\172\225\223}{section.30}% 72
\BOOKMARK [2][-]{subsection.30.7}{\376\377\151\034\212\074\0003\377\032\153\213\135\356}{section.30}% 73
\BOOKMARK [2][-]{subsection.30.8}{\376\377\151\034\212\074\0004\377\032\226\342\145\143\147\000\131\047\120\044\123\237\164\006}{section.30}% 74
\BOOKMARK [2][-]{subsection.30.9}{\376\377\166\172\134\125\212\262\230\114\377\032\226\366\172\172\225\223\060\222\143\001\060\144\000\040\000L\000a\000p\000l\000a\000c\000i\000a\000n}{section.30}% 75
\BOOKMARK [1][-]{section.31}{\376\377\153\041\060\153\133\146\060\166\121\205\133\271\060\150\060\156\143\245\175\232}{}% 76
\BOOKMARK [1][-]{section.32}{\376\377\225\167\147\037\212\030\141\266\165\050\211\201\160\271}{}% 77
