\BOOKMARK [1][-]{section.1}{\376\377\060\123\060\156\173\304\126\362\060\156\166\356\166\204}{}% 1
\BOOKMARK [1][-]{section.2}{\376\377\137\305\211\201\060\152\122\115\143\320\167\345\213\130\060\150\145\342\177\322\121\205\133\271\060\150\060\156\143\245\175\232}{}% 2
\BOOKMARK [1][-]{section.3}{\376\377\221\315\211\201\151\202\137\365\0001\377\032\175\332\137\142\172\172\225\223}{}% 3
\BOOKMARK [2][-]{subsection.3.1}{\376\377\166\364\211\263}{section.3}% 4
\BOOKMARK [2][-]{subsection.3.2}{\376\377\133\232\177\251}{section.3}% 5
\BOOKMARK [2][-]{subsection.3.3}{\376\377\060\152\060\134\060\123\060\156\133\232\177\251\060\114\137\305\211\201\060\113}{section.3}% 6
\BOOKMARK [1][-]{section.4}{\376\377\221\315\211\201\151\202\137\365\0002\377\032\137\256\122\006\145\271\172\013\137\017\060\156\211\343\060\202\060\331\060\257\060\310\060\353\060\153\060\152\060\213}{}% 7
\BOOKMARK [1][-]{section.5}{\376\377\221\315\211\201\151\202\137\365\0003\377\032\124\014\127\213}{}% 8
\BOOKMARK [1][-]{section.6}{\376\377\221\315\211\201\151\202\137\365\0004\377\032\220\350\122\006\172\172\225\223}{}% 9
\BOOKMARK [2][-]{subsection.6.1}{\376\377\133\232\177\251}{section.6}% 10
\BOOKMARK [2][-]{subsection.6.2}{\376\377\000C\000F\000D\060\150\060\156\143\245\175\232}{section.6}% 11
\BOOKMARK [1][-]{section.7}{\376\377\221\315\211\201\151\202\137\365\0005\377\032\175\332\137\142\175\120\124\010\060\150\000\040\000s\000p\000a\000n}{}% 12
\BOOKMARK [1][-]{section.8}{\376\377\221\315\211\201\151\202\137\365\0006\377\032\175\332\137\142\162\354\172\313\060\150\175\332\137\142\137\223\134\136}{}% 13
\BOOKMARK [1][-]{section.9}{\376\377\221\315\211\201\151\202\137\365\0007\377\032\127\372\136\225\060\150\136\247\152\031}{}% 14
\BOOKMARK [2][-]{subsection.9.1}{\376\377\145\160\120\044\212\010\173\227\060\150\060\156\143\245\175\232}{section.9}% 15
\BOOKMARK [1][-]{section.10}{\376\377\221\315\211\201\151\202\137\365\0008\377\032\153\041\121\103}{}% 16
\BOOKMARK [1][-]{section.11}{\376\377\221\315\211\201\151\202\137\365\0009\377\032\127\372\136\225\060\156\142\341\137\065\060\150\210\334\172\172\225\223}{}% 17
\BOOKMARK [1][-]{section.12}{\376\377\221\315\211\201\151\202\137\365\0001\0000\377\032\166\364\124\214}{}% 18
\BOOKMARK [2][-]{subsection.12.1}{\376\377\000C\000F\000D\060\150\060\156\143\245\175\232}{section.12}% 19
\BOOKMARK [1][-]{section.13}{\376\377\221\315\211\201\151\202\137\365\0001\0001\377\032\147\011\226\120\153\041\121\103\175\332\137\142\172\172\225\223\060\157\000\040\000K\000n\000\040\060\150\124\014\127\213}{}% 20
\BOOKMARK [1][-]{section.14}{\376\377\221\315\211\201\151\202\137\365\0001\0002\377\032\125\106\172\172\225\223\000\040\000X\000/\000Y}{}% 21
\BOOKMARK [2][-]{subsection.14.1}{\376\377\133\232\177\251\060\150\166\364\211\263}{section.14}% 22
\BOOKMARK [2][-]{subsection.14.2}{\376\377\153\041\121\103\121\154\137\017}{section.14}% 23
\BOOKMARK [2][-]{subsection.14.3}{\376\377\000C\000F\000D\060\150\060\156\221\315\211\201\060\152\143\245\175\232\377\032\127\047\122\233\060\156\133\232\145\160\116\015\133\232\140\047}{section.14}% 24
\BOOKMARK [1][-]{section.15}{\376\377\221\315\211\201\151\202\137\365\0001\0003\377\032\220\350\122\006\172\172\225\223\060\156\124\214\060\150\116\244\060\217\060\212}{}% 25
\BOOKMARK [1][-]{section.16}{\376\377\131\026\220\350\166\364\124\214}{}% 26
\BOOKMARK [1][-]{section.17}{\376\377\172\340\147\053\060\156\122\060\220\124\160\271\377\032\175\332\137\142\162\354\172\313\140\047\060\113\060\211\220\043\172\313\116\000\153\041\145\271\172\013\137\017\060\170}{}% 27
\BOOKMARK [1][-]{section.18}{\376\377\145\160\120\044\211\343\147\220\060\373\000C\000F\000D\060\373\116\161\155\101\060\373\000M\000L\060\150\060\156\143\245\175\232}{}% 28
\BOOKMARK [2][-]{subsection.18.1}{\376\377\116\161\155\101\060\373\000M\000L\060\170\060\156\143\245\175\232}{section.18}% 29
\BOOKMARK [1][-]{section.19}{\376\377\145\160\133\146\166\204\162\354\172\313\060\150\145\160\120\044\166\204\162\354\172\313\060\156\220\125\060\104}{}% 30
\BOOKMARK [1][-]{section.20}{\376\377\116\312\126\336\060\157\155\361\217\375\060\104\060\127\060\152\060\117\060\146\060\210\060\104\175\060\220\350}{}% 31
\BOOKMARK [1][-]{section.21}{\376\377\060\210\060\117\060\102\060\213\212\244\211\343}{}% 32
\BOOKMARK [1][-]{section.22}{\376\377\201\352\122\006\060\147\212\254\146\016\060\147\060\115\060\213\060\171\060\115\116\213\230\005}{}% 33
\BOOKMARK [1][-]{section.23}{\376\377\116\312\145\345\137\305\060\132\164\006\211\343\060\131\060\171\060\115\116\213\230\005}{}% 34
\BOOKMARK [1][-]{section.24}{\376\377\164\006\211\343\170\272\212\215\125\117\230\114}{}% 35
\BOOKMARK [1][-]{section.25}{\376\377\142\113\212\010\173\227\060\131\060\171\060\115\125\117\230\114}{}% 36
\BOOKMARK [1][-]{section.26}{\376\377\146\016\145\345\060\156\145\160\120\044\133\237\232\023\060\373\000P\000y\000t\000h\000o\000n\133\237\210\305\212\262\230\114}{}% 37
\BOOKMARK [2][-]{subsection.26.1}{\376\377\060\306\060\374\060\336}{section.26}% 38
\BOOKMARK [2][-]{subsection.26.2}{\376\377\145\160\133\146\166\204\125\117\230\114}{section.26}% 39
\BOOKMARK [2][-]{subsection.26.3}{\376\377\133\237\232\023\060\131\060\213\120\044}{section.26}% 40
\BOOKMARK [2][-]{subsection.26.4}{\376\377\060\242\060\353\060\264\060\352\060\272\060\340}{section.26}% 41
\BOOKMARK [2][-]{subsection.26.5}{\376\377\133\237\210\305\060\156\232\250\150\074}{section.26}% 42
\BOOKMARK [2][-]{subsection.26.6}{\376\377\151\034\212\074\060\131\060\171\060\115\060\123\060\150}{section.26}% 43
\BOOKMARK [1][-]{section.27}{\376\377\153\041\060\153\133\146\060\166\121\205\133\271\060\150\060\156\143\245\175\232}{}% 44
\BOOKMARK [1][-]{section.28}{\376\377\225\167\147\037\212\030\141\266\165\050\211\201\160\271}{}% 45
