\BOOKMARK [1][-]{section.1}{\376\377\060\123\060\156\173\304\126\362\060\156\166\356\166\204}{}% 1
\BOOKMARK [1][-]{section.2}{\376\377\137\305\211\201\060\152\122\115\143\320\167\345\213\130\060\150\173\054\0001\172\340\060\150\060\156\143\245\175\232}{}% 2
\BOOKMARK [1][-]{section.3}{\376\377\221\315\211\201\151\202\137\365\0001\377\032\175\332\137\142\154\116\225\242\145\160}{}% 3
\BOOKMARK [2][-]{subsection.3.1}{\376\377\133\232\177\251}{section.3}% 4
\BOOKMARK [2][-]{subsection.3.2}{\376\377\166\364\211\263}{section.3}% 5
\BOOKMARK [2][-]{subsection.3.3}{\376\377\060\152\060\134\175\332\137\142\140\047\060\114\221\315\211\201\060\113}{section.3}% 6
\BOOKMARK [1][-]{section.4}{\376\377\221\315\211\201\151\202\137\365\0002\377\032\225\242\145\160\172\172\225\223\116\012\060\156\175\332\137\142\154\116\225\242\145\160}{}% 7
\BOOKMARK [2][-]{subsection.4.1}{\376\377\160\271\212\125\117\241}{section.4}% 8
\BOOKMARK [2][-]{subsection.4.2}{\376\377\211\007\145\160\160\271\060\147\060\156\221\315\060\177\116\330\060\115\212\125\117\241}{section.4}% 9
\BOOKMARK [2][-]{subsection.4.3}{\376\377\172\115\122\006}{section.4}% 10
\BOOKMARK [2][-]{subsection.4.4}{\376\377\137\256\122\006\120\044}{section.4}% 11
\BOOKMARK [1][-]{section.5}{\376\377\221\315\211\201\151\202\137\365\0003\377\032\147\011\226\120\153\041\121\103\060\147\060\157\175\332\137\142\154\116\225\242\145\160\060\157\117\302\145\160\060\331\060\257\060\310\060\353\060\147\210\150\060\133\060\213}{}% 12
\BOOKMARK [2][-]{subsection.5.1}{\376\377\060\152\060\134\060\123\060\156\137\142\060\153\060\152\060\213\060\156\060\113}{section.5}% 13
\BOOKMARK [2][-]{subsection.5.2}{\376\377\210\114\122\027\060\147\211\213\060\213}{section.5}% 14
\BOOKMARK [1][-]{section.6}{\376\377\221\315\211\201\151\202\137\365\0004\377\032\123\314\133\376\172\172\225\223\000\040\000X\000'}{}% 15
\BOOKMARK [2][-]{subsection.6.1}{\376\377\153\041\121\103}{section.6}% 16
\BOOKMARK [2][-]{subsection.6.2}{\376\377\000X\000\040\060\150\000\040\000X\000'\000\040\060\157\124\014\060\130\060\202\060\156\060\147\060\157\060\152\060\104}{section.6}% 17
\BOOKMARK [1][-]{section.7}{\376\377\221\315\211\201\151\202\137\365\0005\377\032\201\352\161\066\060\152\060\332\060\242\060\352\060\363\060\260\060\150\116\214\221\315\123\314\133\376}{}% 18
\BOOKMARK [2][-]{subsection.7.1}{\376\377\060\332\060\242\060\352\060\363\060\260}{section.7}% 19
\BOOKMARK [2][-]{subsection.7.2}{\376\377\116\214\221\315\123\314\133\376\000\040\000X\000'\000'}{section.7}% 20
\BOOKMARK [2][-]{subsection.7.3}{\376\377\060\152\060\134\000\040\000X\000X\000'\000'\000\040\060\157\060\014\201\352\161\066\060\015\060\152\060\156\060\113}{section.7}% 21
\BOOKMARK [1][-]{section.8}{\376\377\221\315\211\201\151\202\137\365\0006\377\032\226\366\123\026\220\350\122\006\172\172\225\223\000\040\000Y}{}% 22
\BOOKMARK [2][-]{subsection.8.1}{\376\377\166\364\211\263}{section.8}% 23
\BOOKMARK [2][-]{subsection.8.2}{\376\377\220\032\136\070\060\156\166\364\116\244\210\334\172\172\225\223\060\150\060\156\220\125\060\104}{section.8}% 24
\BOOKMARK [1][-]{section.9}{\376\377\221\315\211\201\151\202\137\365\0007\377\032\226\366\123\026\220\350\122\006\172\172\225\223\060\156\153\041\121\103\121\154\137\017}{}% 25
\BOOKMARK [2][-]{subsection.9.1}{\376\377\173\054\0001\172\340\060\156\125\106\172\172\225\223\060\150\060\156\143\245\175\232}{section.9}% 26
\BOOKMARK [1][-]{section.10}{\376\377\221\315\211\201\151\202\137\365\0008\377\032\116\214\221\315\226\366\123\026\000\040\000Y}{}% 27
\BOOKMARK [2][-]{subsection.10.1}{\376\377\060\152\060\134\142\020\060\212\172\313\060\144\060\113}{section.10}% 28
\BOOKMARK [1][-]{section.11}{\376\377\221\315\211\201\151\202\137\365\0009\377\032\220\350\122\006\226\306\124\010\000\040\000S\000\040\060\156\226\366\123\026}{}% 29
\BOOKMARK [1][-]{section.12}{\376\377\221\315\211\201\151\202\137\365\0001\0000\377\032\123\314\133\376\127\372\136\225}{}% 30
\BOOKMARK [2][-]{subsection.12.1}{\376\377\123\314\133\376\127\372\136\225\060\114\060\127\060\146\060\104\060\213\060\123\060\150}{section.12}% 31
\BOOKMARK [2][-]{subsection.12.2}{\376\377\210\114\122\027\060\150\060\156\225\242\117\302}{section.12}% 32
\BOOKMARK [1][-]{section.13}{\376\377\221\315\211\201\151\202\137\365\0001\0001\377\032\154\102\172\115\121\154\137\017\060\157\123\314\133\376\172\172\225\223\060\156\127\372\136\225\134\125\225\213}{}% 33
\BOOKMARK [2][-]{subsection.13.1}{\376\377\212\074\146\016\060\156\151\313\220\040}{section.13}% 34
\BOOKMARK [1][-]{section.14}{\376\377\000L\000a\000g\000r\000a\000n\000g\000e\000\040\210\334\225\223\060\150\060\156\143\245\175\232}{}% 35
\BOOKMARK [1][-]{section.15}{\376\377\000G\000a\000u\000s\000s\000\040\154\102\172\115\060\170\060\156\143\245\175\232}{}% 36
\BOOKMARK [1][-]{section.16}{\376\377\135\345\133\146\166\204\211\343\221\310\377\032\175\332\137\142\154\116\225\242\145\160\060\157\060\014\156\054\133\232\060\015\060\150\060\014\122\066\175\004\060\015}{}% 37
\BOOKMARK [1][-]{section.17}{\376\377\000C\000F\000D\060\373\000P\000D\000E\060\373\145\160\120\044\211\343\147\220\060\150\060\156\143\245\175\232}{}% 38
\BOOKMARK [2][-]{subsection.17.1}{\376\377\137\061\137\142\137\017\060\150\123\314\133\376\172\172\225\223}{section.17}% 39
\BOOKMARK [2][-]{subsection.17.2}{\376\377\145\160\120\044\154\102\172\115}{section.17}% 40
\BOOKMARK [2][-]{subsection.17.3}{\376\377\122\066\175\004\060\150\226\366\123\026\220\350\122\006\172\172\225\223}{section.17}% 41
\BOOKMARK [1][-]{section.18}{\376\377\116\161\155\101\060\373\000P\000O\000D\060\373\000M\000L\060\150\060\156\143\245\175\232}{}% 42
\BOOKMARK [2][-]{subsection.18.1}{\376\377\000P\000O\000D}{section.18}% 43
\BOOKMARK [2][-]{subsection.18.2}{\376\377\060\273\060\363\060\265\211\263\156\054\060\150\060\307\060\374\060\277\124\014\123\026}{section.18}% 44
\BOOKMARK [2][-]{subsection.18.3}{\376\377\152\137\150\260\133\146\177\322}{section.18}% 45
\BOOKMARK [1][-]{section.19}{\376\377\137\256\122\006\137\142\137\017\060\150\060\156\134\006\147\145\060\156\143\245\175\232}{}% 46
\BOOKMARK [1][-]{section.20}{\376\377\060\210\060\117\060\102\060\213\212\244\211\343}{}% 47
\BOOKMARK [1][-]{section.21}{\376\377\164\006\211\343\060\131\060\213\117\241\120\044\060\114\117\116\060\104\175\060\220\350}{}% 48
\BOOKMARK [1][-]{section.22}{\376\377\116\312\145\345\137\305\060\132\164\006\211\343\060\131\060\171\060\115\116\213\230\005}{}% 49
\BOOKMARK [1][-]{section.23}{\376\377\164\006\211\343\170\272\212\215\125\117\230\114}{}% 50
\BOOKMARK [1][-]{section.24}{\376\377\142\113\212\010\173\227\060\131\060\171\060\115\125\117\230\114}{}% 51
\BOOKMARK [2][-]{subsection.24.1}{\376\377\125\117\230\114\000A\377\032\123\314\133\376\127\372\136\225}{section.24}% 52
\BOOKMARK [2][-]{subsection.24.2}{\376\377\125\117\230\114\000B\377\032\226\366\123\026\220\350\122\006\172\172\225\223}{section.24}% 53
\BOOKMARK [2][-]{subsection.24.3}{\376\377\125\117\230\114\000C\377\032\214\307\145\231\060\156\175\364\177\322\125\117\230\114\0007}{section.24}% 54
\BOOKMARK [2][-]{subsection.24.4}{\376\377\125\117\230\114\000D\377\032\0003\160\271\154\102\172\115\121\154\137\017}{section.24}% 55
\BOOKMARK [1][-]{section.25}{\376\377\146\016\145\345\210\114\060\106\145\160\120\044\133\237\232\023\060\373\000P\000y\000t\000h\000o\000n\133\237\210\305\212\262\230\114}{}% 56
\BOOKMARK [2][-]{subsection.25.1}{\376\377\212\262\230\114\0001\377\032\123\314\133\376\127\372\136\225\060\222\210\114\122\027\060\147\170\272\212\215\060\131\060\213}{section.25}% 57
\BOOKMARK [2][-]{subsection.25.2}{\376\377\212\262\230\114\0002\377\032\0003\160\271\000\040\000G\000a\000u\000s\000s\040\023\000L\000e\000g\000e\000n\000d\000r\000e\000\040\154\102\172\115}{section.25}% 58
\BOOKMARK [1][-]{section.26}{\376\377\153\041\060\153\133\146\060\166\121\205\133\271\060\150\060\156\143\245\175\232}{}% 59
\BOOKMARK [1][-]{section.27}{\376\377\225\167\147\037\212\030\141\266\165\050\211\201\160\271}{}% 60
